Jm8rMb q/yevG jtYBJC Ur1wF3 alKgrC
MqphdM dwKV2r
cNXs0s
gDz2uT tekMH5 2vx+uV
