 [5.in]
/UpSDG [5.in]
/Xe [5.in]
0N8xIS [5.in]
1Cy [5.in]
2I1 [5.in]
2gl/ma [5.in]
2ss [5.in]
3D8i/T AwzYVf cY4fuW Of/tfC xPdblZ XK+AvI l1m+LM szdFgD zPbkDy 7pJAej AZJcJd rGDFRx xw5ZGL U3NgRU aqIa9K 57t69p U5cYWa aUDPP8 1aOWeI dLylGU Yzu4xn gdV8kR xOXuTP 1DkgBO zhgGT5 gj/oc+ /tdgEB owQpEW q0+E2s byzpIB o6G432 LI+Vzz zcOw8r OwSz5M HBo7n9 P+vyto 4y1Gcm BA9Ile AhFTCZ lPa1KN xiVyXj 9gMD4r AQ
3dfwGs [5.in]
86J [5.in]
BT3 [5.in]
Ed7W4H [5.in]
G9vz48
HlejUp [5.in]
JrwNrgUdKclw
LUU [5.in]
V9sGzb [5.in]
VZj [5.in]
XZs [5.in]
b+0 [5.in]
f4ZxCD [5.in]
gFaNZL [5.in]
gucPEA
ivy [5.in]
mVligO [5.in]
o2pZ4U [5.in]
oMV [5.in]
ok2 [5.in]
p+p [5.in]
qwQDXAM9vgKQOa3y2g
r72zcv [5.in]
tCKV2L [5.in]
x
xC4v3Y [5.in]
